1) Cargando grafo...
   -> OK grafo cargado.
2) Detecté 'tipo_nodo' en el grafo. Leyendo clientes etiquetados...

✅ DATOS LISTOS:
   -> Clientes a visitar: 1420
   -> Nodo Estación: 639837109
   -> Nodo Relleno:  6433377455
   -> Demanda Total (si aplica): 1420.00 kg
1) Descargando Puntos de Interés (POIs) de OSM...
   -> No existe poligono_zona. Creando polígono desde nodos_clientes (convex hull)...
   -> Se omite consulta/asignación POI: se usarán clientes compactados del pipeline.

--- ESTADÍSTICAS DE GENERACIÓN DE BASURA ---
Total Basura: 120000.00 kg (Objetivo: 120000.0)
Nodo con MENOS basura: 80.32 kg (Residencial)
Nodo con MÁS basura:   113.83 kg (Hotspot)
Promedio: 84.51 kg
Tipos de nodo: {'hogar_urbano': 1420}

Top 3 Hotspots: [(321424779, 113.83), (616249778, 88.73), (620528666, 88.71)]

--- CLIENTES COMPACTADOS DEL PIPELINE ---
Clientes compactados usados: 951
Demanda compactada base pipeline: 60000.00 kg
Escenario compactado objetivo: 120000.00 kg
Factor escala escenario: 2.0000
Demanda compactada total: 120000.00 kg
Calculando matriz de DISTANCIAS por calles entre 953 puntos (weight='length', grafo dirigido)...
  procesados 50/953 orígenes...
  procesados 100/953 orígenes...
  procesados 150/953 orígenes...
  procesados 200/953 orígenes...
  procesados 250/953 orígenes...
  procesados 300/953 orígenes...
  procesados 350/953 orígenes...
  procesados 400/953 orígenes...
  procesados 450/953 orígenes...
  procesados 500/953 orígenes...
  procesados 550/953 orígenes...
  procesados 600/953 orígenes...
  procesados 650/953 orígenes...
  procesados 700/953 orígenes...
  procesados 750/953 orígenes...
  procesados 800/953 orígenes...
  procesados 850/953 orígenes...
  procesados 900/953 orígenes...
  procesados 950/953 orígenes...
✅ Matriz de distancias lista.

--- PRUEBA VIAJE EJEMPLO (sin retorno final) ---
Clientes: [321424779, 321424780, 321424810, 321424817, 321424843]
Tiempo viaje: 45.50 min
Detalle (min):
  Aprox (40):     3.50
  Interno (10)+rec: 15.69
  Descarga (30):  26.31

Retorno final (Depósito->Estación, 40): 21.87 min
Funciones C&W (distancia) compiladas y tiempos alineados con CELDA 6 ✅
Funciones C&W (distancia) compiladas y tiempos alineados con CELDA 6 ✅
Posibles uniones calculadas: 903450
Zonas por capacidad estricta: 10
Candidatos k evaluados: [5, 6, 7, 8, 9, 10]
Evaluando k=5...
  -> Zona 1/5: 191 nodos
  -> Zona 2/5: 167 nodos
  -> Zona 3/5: 181 nodos
  -> Zona 4/5: 199 nodos
  -> Zona 5/5: 213 nodos
  -> k=5 listo: rutas=12, viajes_estimados=15
Evaluando k=6...
  -> Zona 1/6: 164 nodos
  -> Zona 2/6: 120 nodos
  -> Zona 3/6: 158 nodos
  -> Zona 4/6: 199 nodos
  -> Zona 5/6: 149 nodos
  -> Zona 6/6: 161 nodos
  -> k=6 listo: rutas=13, viajes_estimados=16
Evaluando k=7...
  -> Zona 1/7: 135 nodos
  -> Zona 2/7: 140 nodos
  -> Zona 3/7: 136 nodos
  -> Zona 4/7: 175 nodos
  -> Zona 5/7: 84 nodos
  -> Zona 6/7: 161 nodos
  -> Zona 7/7: 120 nodos
  -> k=7 listo: rutas=14, viajes_estimados=17
Evaluando k=8...
  -> Zona 1/8: 151 nodos
  -> Zona 2/8: 126 nodos
  -> Zona 3/8: 131 nodos
  -> Zona 4/8: 153 nodos
  -> Zona 5/8: 73 nodos
  -> Zona 6/8: 104 nodos
  -> Zona 7/8: 117 nodos
  -> Zona 8/8: 96 nodos
  -> k=8 listo: rutas=15, viajes_estimados=18
Evaluando k=9...
  -> Zona 1/9: 110 nodos
  -> Zona 2/9: 75 nodos
  -> Zona 3/9: 89 nodos
  -> Zona 4/9: 120 nodos
  -> Zona 5/9: 95 nodos
  -> Zona 6/9: 133 nodos
  -> Zona 7/9: 110 nodos
  -> Zona 8/9: 84 nodos
  -> Zona 9/9: 135 nodos
  -> k=9 listo: rutas=16, viajes_estimados=19
Evaluando k=10...
  -> Zona 1/10: 99 nodos
  -> Zona 2/10: 118 nodos
  -> Zona 3/10: 79 nodos
  -> Zona 4/10: 105 nodos
  -> Zona 5/10: 64 nodos
  -> Zona 6/10: 107 nodos
  -> Zona 7/10: 85 nodos
  -> Zona 8/10: 103 nodos
  -> Zona 9/10: 82 nodos
  -> Zona 10/10: 109 nodos
  -> k=10 listo: rutas=17, viajes_estimados=20

======================
COMPARACION CLARKE & WRIGHT
======================

Seleccion automatica de k para clustering:
    k  zonas  rutas_cw  ...  tiempo_h_rel  viajes_estimados_capacidad_rel  score_k
0   5      5        12  ...         1.000                           1.000    0.748
1   6      6        13  ...         1.016                           1.067    0.795
2   7      7        14  ...         1.037                           1.133    0.843
3   8      8        15  ...         1.051                           1.200    0.905
4   9      9        16  ...         1.089                           1.267    0.952
5  10     10        17  ...         1.096                           1.333    0.989

[6 rows x 18 columns]
k elegido: 5 zonas
Zonas iniciales por clustering optimizado: 5
Rutas generadas por Clarke & Wright zonal: 12
Mejora interna por 2-opt: 1.71 km
                                           algoritmo  ...  mejora_tiempo_pct_vs_base
0             Base Bryan - Clarke & Wright distancia  ...                        NaN
1  Clustering inicial + Clarke & Wright por zona ...  ...                       5.89

[2 rows x 10 columns]
Advertencia: 4 viajes quedan bajo 7.2 t porque no se pudieron fusionar sin exceder capacidad o 8h.
Viajes Clarke & Wright generados: 13
Viajes válidos para asignación: 13
Tiempo de seguridad (Relleno -> Estación): 21.87 min

--- Camion 1 ---
Flujo por viaje: Estacion/Relleno -> Recoleccion -> Relleno
Viajes: 5 | Carga jornada: 56366.22 kg | Tiempo productivo: 7.68 h

--- Camion 2 ---
Flujo por viaje: Estacion/Relleno -> Recoleccion -> Relleno
Viajes: 4 | Carga jornada: 37577.80 kg | Tiempo productivo: 6.90 h

--- Camion 3 ---
Flujo por viaje: Estacion/Relleno -> Recoleccion -> Relleno
Viajes: 2 | Carga jornada: 14624.46 kg | Tiempo productivo: 5.43 h

--- Camion 4 ---
Flujo por viaje: Estacion/Relleno -> Recoleccion -> Relleno
Viajes: 1 | Carga jornada: 6456.88 kg | Tiempo productivo: 4.99 h

--- Camion 5 ---
Flujo por viaje: Estacion/Relleno -> Recoleccion -> Relleno
Viajes: 1 | Carga jornada: 4974.64 kg | Tiempo productivo: 4.60 h

RESUMEN FINAL: 13 viajes, 5 camiones usados de 10 disponibles.
Calculando densidad poblacional (hab/km²) por nodo...
  -> Puntos clientes: 951

✅ Resultado CELDA 7
Filas en gdf_pts: 951
Nodos sin densidad: 0

Resumen densidad_pob_km2:
count     951.000000
mean     7218.445422
std       124.378706
min      6986.050293
25%      7150.689941
50%      7188.933105
75%      7321.324219
max      7414.636719
Name: densidad_pob_km2, dtype: float64

Resumen pob_buffer:
count     951.000000
mean     5660.251023
std        97.529961
min      5478.021375
25%      5607.121436
50%      5637.109320
75%      5740.922107
max      5814.091902
Name: pob_buffer, dtype: float64
--- INICIANDO EXPORTACIÓN A QGIS (V2.1.2) ---
✅ Densidad poblacional detectada desde CELDA 7 (gdf_pts).
1) Generando capas base...
  -> Guardado: base_calles.gpkg
  -> Join densidad: OK. Nodos con densidad NaN: 0
  -> Guardado: base_clientes.gpkg (951 puntos)
  -> Guardado: base_puntos_clave.gpkg

2) Generando tramos por camión/viaje (un GPKG por camión)...
  ✅ Camión 1: Guardado rutas_tramos_Camion_1.gpkg (layer='tramos', 14 tramos)
  ✅ Camión 2: Guardado rutas_tramos_Camion_2.gpkg (layer='tramos', 10 tramos)
  ✅ Camión 3: Guardado rutas_tramos_Camion_3.gpkg (layer='tramos', 6 tramos)
  ✅ Camión 4: Guardado rutas_tramos_Camion_4.gpkg (layer='tramos', 3 tramos)
  ✅ Camión 5: Guardado rutas_tramos_Camion_5.gpkg (layer='tramos', 3 tramos)

✅ ¡PROCESO TERMINADO! Archivos generados:
  - base_calles.gpkg
  - base_clientes.gpkg  (incluye demanda_kg + densidad_pob_km2 + pob_buffer + dist_a_* )
  - base_puntos_clave.gpkg
  - rutas_tramos_Camion_X.gpkg (uno por camión)
Generando bitácora MACRO por TRAMOS (Estación/Recolección/Relleno/Fin)...

=== BITÁCORA MACRO (vista previa, 30 filas) ===
 Camión Paso Tramo          De           A  Paradas_en_recolección  Carga_kg  Dist_km   Min    Nodo_De     Nodo_A
      1 V1-1 Aprox    Estacion Recoleccion                       0      0.00     3.67   4.4  639837109 3336509706
      1 V1-2 Recol Recoleccion Recoleccion                       1  12000.00     0.00   0.5 3336509706 3336509706
      1 V1-3  Desc Recoleccion     Relleno                       0      0.00    16.43  24.6 3336509706 6433377455
      1 V2-1 Aprox     Relleno Recoleccion                       0      0.00    16.87  20.2 6433377455  524356244
      1 V2-2 Recol Recoleccion Recoleccion                       3  11978.34     0.21   2.8  524356244  524356247
      1 V2-3  Desc Recoleccion     Relleno                       0      0.00    16.69  25.0  524356247 6433377455
      1 V3-1 Aprox     Relleno Recoleccion                       0      0.00    16.65  20.0 6433377455  524356221
      1 V3-2 Recol Recoleccion Recoleccion                       3  11946.34     0.22   2.8  524356221  524356212
      1 V3-3  Desc Recoleccion     Relleno                       0      0.00    16.42  24.6  524356212 6433377455
      1 V4-1 Aprox     Relleno Recoleccion                       0      0.00    16.32  19.6 6433377455  524356314
      1 V4-2 Recol Recoleccion Recoleccion                       5  11859.36     0.45   5.2  524356314  473536112
      1 V4-3  Desc Recoleccion     Relleno                       0      0.00    16.64  25.0  473536112 6433377455
      1 V5-1 Aprox     Relleno Recoleccion                       0      0.00    17.08  20.5 6433377455  524356219
      1 V5-2 Recol Recoleccion Recoleccion                     180   8582.18    25.15 240.9  524356219 3336509706
      1 V5-3  Desc Recoleccion     Relleno                       0      0.00    16.43  24.6 3336509706 6433377455
      2 V1-1 Aprox    Estacion Recoleccion                       0      0.00     7.50   9.0  639837109  601481869
      2 V1-2 Recol Recoleccion Recoleccion                       1  12000.00     0.00   0.5  601481869  601481869
      2 V1-3  Desc Recoleccion     Relleno                       0      0.00    18.42  27.6  601481869 6433377455
      2 V2-1 Aprox     Relleno Recoleccion                       0      0.00    18.92  22.7 6433377455  601481869
      2 V2-2 Recol Recoleccion Recoleccion                       1  12000.00     0.00   0.5  601481869  601481869
      2 V2-3  Desc Recoleccion     Relleno                       0      0.00    18.42  27.6  601481869 6433377455
      2 V3-1 Aprox     Relleno Recoleccion                       0      0.00    17.99  21.6 6433377455  620528663
      2 V3-2 Recol Recoleccion Recoleccion                      60  11837.04     6.16  67.0  620528663  524233670
      2 V3-3  Desc Recoleccion     Relleno                       0      0.00    17.69  26.5  524233670 6433377455
      2 V4-1 Aprox     Relleno Recoleccion                       0      0.00    18.92  22.7 6433377455  601481869
      2 V4-2 Recol Recoleccion Recoleccion                     107   1740.76    18.12 162.2  601481869  577205980
      2 V4-3  Desc Recoleccion     Relleno                       0      0.00    17.31  26.0  577205980 6433377455
      3 V1-1 Aprox    Estacion Recoleccion                       0      0.00     5.18   6.2  639837109  616637724
      3 V1-2 Recol Recoleccion Recoleccion                      49  11915.46     5.60  58.1  616637724 6695080690
      3 V1-3  Desc Recoleccion     Relleno                       0      0.00    17.21  25.8 6695080690 6433377455

✅ Guardado completo: 'bitacora_macro_tramos.csv'

=== RESUMEN POR CAMIÓN (MACRO) ===
 Camión  Carga_kg  Dist_km   Min  Horas  Paradas_en_recolección
      1  56366.22   179.22 460.8   7.68                     192
      2  37577.80   159.47 414.0   6.90                     169
      3  14624.46    83.06 326.0   5.43                     181
      4   6456.88    47.25 299.3   4.99                     213
      5   4974.64    46.08 276.2   4.60                     199

=== RESUMEN GLOBAL (FLOTA) ===
Camiones usados: 5
Rutas asignadas: 5
Basura total: 120.00 ton
Distancia total: 515.08 km
Tiempo total flota: 29.60 h
Paradas totales (recolección): 954
Consumo estimado: 114.46 gal
Costo diesel: $342.24
Costo laboral proporcional: $517.26
Costo operativo: $859.50
Eficiencia: 0.2330 ton/km

=== COMPARACION OPERATIVA VS BASE BRYAN ===
              escenario  ...  mejora_tiempo_total_h_pct
0  Base Bryan historico  ...                        NaN
1        Hibrido actual  ...                     -40.15

[2 rows x 9 columns]
✅ Camión 1: 9124 puntos de ruta
✅ Camión 2: 7970 puntos de ruta
✅ Camión 3: 4061 puntos de ruta
✅ Camión 4: 2129 puntos de ruta
✅ Camión 5: 2045 puntos de ruta
✅ HTML generado: rutas_animadas_120t.html
   Ábrelo en tu navegador (doble click).
📊 Generando KPIs (modo Colab)...

======================
✅ KPI GLOBAL
======================
Camiones usados: 5
Rutas asignadas: 5
Viajes asignados: 13
Nodos clientes: 951
Demanda total (kg): 120,000.00
Carga total asignada (kg): 120,000.00
Error carga vs demanda: 0.00 kg  (0.000%)
Distancia total (km): 515.08
Tiempo total sumado de rutas (h): 29.60
Diesel estimado: 114.46 gal | Costo diesel: $342.24
Costo laboral proporcional: $517.33
Costo operativo total: $859.57
Costo nomina mensual flota: $13,980.00
Gini de basura: 0.917
Correlación basura vs densidad poblacional: -0.033

======================
🚛 KPI POR CAMIÓN
======================
   camion  vehiculo  ...  costo_operativo_usd  costo_nomina_mensual_usd
0       1         1  ...               253.29                    2796.0
1       2         2  ...               226.53                    2796.0
2       3         3  ...               150.15                    2796.0
3       4         4  ...               118.56                    2796.0
4       5         5  ...               111.05                    2796.0

[5 rows x 20 columns]

======================
🧾 KPI POR VIAJE (top 20 más largos por tiempo)
======================
    camion  viaje    origen  ...  kg_por_km  kg_por_h  util_carga_pct
11       4      1  Estacion  ...     136.66   1294.41           53.81
4        1      5   Relleno  ...     146.32   1800.28           71.52
12       5      1  Estacion  ...     107.96   1080.82           41.46
10       3      2   Relleno  ...      49.19    689.10           22.58
8        2      4   Relleno  ...      32.02    495.19           14.51
7        2      3   Relleno  ...     282.88   6170.99           98.64
9        3      1  Estacion  ...     425.67   7929.78           99.30
6        2      2   Relleno  ...     321.35  14163.01          100.00
3        1      4   Relleno  ...     354.98  14309.89           98.83
1        1      2   Relleno  ...     354.65  14953.70           99.82
2        1      3   Relleno  ...     358.85  15109.71           99.55
5        2      1  Estacion  ...     462.96  19391.47          100.00
0        1      1  Estacion  ...     597.30  24376.90          100.00

[13 rows x 21 columns]

======================
🔥 Hotspots por basura (top 15 nodos)
======================
         id_nodo  demanda_kg  densidad_pob_km2   pob_buffer
462    601481869    24254.26       7414.636719  5814.091902
782   3336509706    12275.88       7072.736328  5545.995114
128    524356212    11844.52       6986.050293  5478.021375
146    524356288    11750.66       6986.050293  5478.021375
945  12334514043    11516.70       7188.933105  5637.109320
32     419724295    11406.46       6986.050293  5478.021375
94     499289410    11216.84       7414.636719  5814.091902
845   4084415081      303.86       7177.406738  5628.071068
50     473195061      299.98       6986.050293  5478.021375
17     347404204      289.12       7177.406738  5628.071068
116    524356182      238.46       7177.406738  5628.071068
565    616712893      220.44       7140.833496  5599.392631
217    525512708      213.60       7177.406738  5628.071068
188    525278480      202.46       6986.050293  5478.021375
27     413678731      185.90       7177.406738  5628.071068

======================
🏙️ Hotspots por densidad poblacional (top 15 nodos)
======================
        id_nodo  demanda_kg  densidad_pob_km2   pob_buffer
841  4052112040       38.96       7414.636719  5814.091902
859  4184474403        2.00       7414.636719  5814.091902
43    473194684        2.00       7414.636719  5814.091902
42    473194682        4.00       7414.636719  5814.091902
868  4286726771        5.06       7414.636719  5814.091902
873  4949981627        2.00       7414.636719  5814.091902
241   525696863       34.86       7414.636719  5814.091902
877  5004080195        2.00       7414.636719  5814.091902
446   577717166        2.00       7414.636719  5814.091902
451   577717266       15.86       7414.636719  5814.091902
450   577717263        2.00       7414.636719  5814.091902
449   577717261        6.00       7414.636719  5814.091902
448   577717257       20.36       7414.636719  5814.091902
447   577717232        2.00       7414.636719  5814.091902
762  3055930809       17.88       7414.636719  5814.091902
HTML listo para abrir en local: C:\Users\julil\Desktop\Universidad\Septimo\Redes\Proyecto\rutas_animadas_120t.html
